Archive member included to satisfy reference by file (symbol)

/home/arduino/ArduinoApps/arduino-video-player/.cache/sketch/core/core.a(abi.cpp.o)
                              /home/arduino/ArduinoApps/arduino-video-player/.cache/sketch/sketch/sketch.ino.cpp.o (std::__throw_length_error(char const*))
/home/arduino/ArduinoApps/arduino-video-player/.cache/sketch/core/core.a(String.cpp.o)
                              /home/arduino/ArduinoApps/arduino-video-player/.cache/sketch/sketch/sketch.ino.cpp.o (arduino::String::String(arduino::String&&))
/home/arduino/ArduinoApps/arduino-video-player/.cache/sketch/core/core.a(itoa.cpp.o)
                              /home/arduino/ArduinoApps/arduino-video-player/.cache/sketch/core/core.a(String.cpp.o) (dtostrf)
/home/arduino/ArduinoApps/arduino-video-player/.cache/sketch/core/core.a(main.cpp.o)
                              (main)
/home/arduino/ArduinoApps/arduino-video-player/.cache/sketch/core/core.a(new.cpp.o)
                              /home/arduino/ArduinoApps/arduino-video-player/.cache/sketch/sketch/sketch.ino.cpp.o (operator new(unsigned int))
/home/arduino/ArduinoApps/arduino-video-player/.cache/sketch/core/core.a(threads.cpp.o)
                              /home/arduino/ArduinoApps/arduino-video-player/.cache/sketch/core/core.a(main.cpp.o) (start_static_threads())
/home/arduino/ArduinoApps/arduino-video-player/.cache/sketch/core/core.a(zephyrSerial.cpp.o)
                              /home/arduino/ArduinoApps/arduino-video-player/.cache/sketch/sketch/sketch.ino.cpp.o (Serial1)
/home/arduino/ArduinoApps/arduino-video-player/.cache/sketch/core/core.a(zephyrCommon.cpp.o)
                              /home/arduino/ArduinoApps/arduino-video-player/.cache/sketch/core/core.a(zephyrSerial.cpp.o) (yield)
/home/arduino/ArduinoApps/arduino-video-player/.cache/sketch/core/core.a(Common.cpp.o)
                              /home/arduino/ArduinoApps/arduino-video-player/.cache/sketch/core/core.a(zephyrCommon.cpp.o) (map(long, long, long, long, long))

Discarded input sections

 .group         0x0000000000000000        0x8 /home/arduino/ArduinoApps/arduino-video-player/.cache/sketch/sketch/sketch.ino.cpp.o
 .group         0x0000000000000000        0x8 /home/arduino/ArduinoApps/arduino-video-player/.cache/sketch/sketch/sketch.ino.cpp.o
 .group         0x0000000000000000        0x8 /home/arduino/ArduinoApps/arduino-video-player/.cache/sketch/sketch/sketch.ino.cpp.o
 .group         0x0000000000000000       0x24 /home/arduino/ArduinoApps/arduino-video-player/.cache/sketch/sketch/sketch.ino.cpp.o
 .group         0x0000000000000000        0xc /home/arduino/ArduinoApps/arduino-video-player/.cache/sketch/sketch/sketch.ino.cpp.o
 .group         0x0000000000000000        0xc /home/arduino/ArduinoApps/arduino-video-player/.cache/sketch/sketch/sketch.ino.cpp.o
 .group         0x0000000000000000        0x8 /home/arduino/ArduinoApps/arduino-video-player/.cache/sketch/sketch/sketch.ino.cpp.o
 .group         0x0000000000000000        0x8 /home/arduino/ArduinoApps/arduino-video-player/.cache/sketch/sketch/sketch.ino.cpp.o
 .group         0x0000000000000000        0x8 /home/arduino/ArduinoApps/arduino-video-player/.cache/sketch/sketch/sketch.ino.cpp.o
 .group         0x0000000000000000        0xc /home/arduino/ArduinoApps/arduino-video-player/.cache/sketch/sketch/sketch.ino.cpp.o
 .group         0x0000000000000000        0x8 /home/arduino/ArduinoApps/arduino-video-player/.cache/sketch/sketch/sketch.ino.cpp.o
 .group         0x0000000000000000        0xc /home/arduino/ArduinoApps/arduino-video-player/.cache/sketch/sketch/sketch.ino.cpp.o
 .group         0x0000000000000000        0x8 /home/arduino/ArduinoApps/arduino-video-player/.cache/sketch/sketch/sketch.ino.cpp.o
 .group         0x0000000000000000        0xc /home/arduino/ArduinoApps/arduino-video-player/.cache/sketch/sketch/sketch.ino.cpp.o
 .group         0x0000000000000000        0xc /home/arduino/ArduinoApps/arduino-video-player/.cache/sketch/sketch/sketch.ino.cpp.o
 .group         0x0000000000000000        0xc /home/arduino/ArduinoApps/arduino-video-player/.cache/sketch/sketch/sketch.ino.cpp.o
 .group         0x0000000000000000        0xc /home/arduino/ArduinoApps/arduino-video-player/.cache/sketch/sketch/sketch.ino.cpp.o
 .group         0x0000000000000000        0xc /home/arduino/ArduinoApps/arduino-video-player/.cache/sketch/sketch/sketch.ino.cpp.o
 .group         0x0000000000000000        0xc /home/arduino/ArduinoApps/arduino-video-player/.cache/sketch/sketch/sketch.ino.cpp.o
 .group         0x0000000000000000        0xc /home/arduino/ArduinoApps/arduino-video-player/.cache/sketch/sketch/sketch.ino.cpp.o
 .group         0x0000000000000000        0xc /home/arduino/ArduinoApps/arduino-video-player/.cache/sketch/sketch/sketch.ino.cpp.o
 .group         0x0000000000000000        0xc /home/arduino/ArduinoApps/arduino-video-player/.cache/sketch/sketch/sketch.ino.cpp.o
[...]
Memory Configuration

Name             Origin             Length             Attributes
*default*        0x0000000000000000 0xffffffffffffffff

Linker script and memory map

LOAD /home/arduino/.arduino15/packages/zephyr/tools/arm-zephyr-eabi/0.16.8/bin/../lib/gcc/../../picolibc/arm-zephyr-eabi/lib/thumb/v8-m.main+fp/hard/libstdc++.a
LOAD /home/arduino/.arduino15/packages/zephyr/tools/arm-zephyr-eabi/0.16.8/bin/../lib/gcc/../../picolibc/arm-zephyr-eabi/lib/thumb/v8-m.main+fp/hard/libsupc++.a
LOAD /home/arduino/.arduino15/packages/zephyr/tools/arm-zephyr-eabi/0.16.8/bin/../lib/gcc/arm-zephyr-eabi/12.2.0/../../../../arm-zephyr-eabi/lib/thumb/v8-m.main+fp/hard/libnosys.a
LOAD /home/arduino/ArduinoApps/arduino-video-player/.cache/sketch/sketch/sketch.ino.cpp.o
LOAD /home/arduino/ArduinoApps/arduino-video-player/.cache/sketch/core/analogReference.cpp.o
START GROUP
LOAD /home/arduino/ArduinoApps/arduino-video-player/.cache/sketch/core/core.a
LOAD /home/arduino/.arduino15/packages/zephyr/tools/arm-zephyr-eabi/0.16.8/bin/../lib/gcc/../../picolibc/arm-zephyr-eabi/lib/thumb/v8-m.main+fp/hard/libstdc++.a
LOAD /home/arduino/.arduino15/packages/zephyr/tools/arm-zephyr-eabi/0.16.8/bin/../lib/gcc/../../picolibc/arm-zephyr-eabi/lib/thumb/v8-m.main+fp/hard/libsupc++.a
END GROUP

/DISCARD/
 *(.ARM.attributes)
 *(.ARM.attributes.*)
 *(.ARM.exidx)
 *(.ARM.exidx.*)
 *(.ARM.extidx)
 *(.ARM.extidx.*)
 *(.ARM.extab)
 *(.ARM.extab.*)
 *(.comment)
 *(.comment.*)
 *(.llvmbc)
 *(.llvmcmd)
 *(.eh_frame)
 *stdexcept.o()
 *eh_*.o()
 *cow-stdexcept.o()
 *functexcept.o()
 *cow-string-inst.o()

.text           0x0000000000000000     0x39b0
 *(.text)
 *(.stub)
 *(.text*)
 .text._ZN7arduino5Print17availableForWriteEv
                0x0000000000000000        0x4 /home/arduino/ArduinoApps/arduino-video-player/.cache/sketch/sketch/sketch.ino.cpp.o
                0x0000000000000000                arduino::Print::availableForWrite()
 .text._ZN7arduino5Print5flushEv
                0x0000000000000004        0x2 /home/arduino/ArduinoApps/arduino-video-player/.cache/sketch/sketch/sketch.ino.cpp.o
                0x0000000000000004                arduino::Print::flush()
 .text._ZN13BridgeMonitorILj512EE5writeEh
                0x0000000000000006       0x18 /home/arduino/ArduinoApps/arduino-video-player/.cache/sketch/sketch/sketch.ino.cpp.o
                0x0000000000000006                BridgeMonitor<512u>::write(unsigned char)
 *fill*         0x000000000000001e        0x2 
 .text.k_yield  0x0000000000000020        0x8 /home/arduino/ArduinoApps/arduino-video-player/.cache/sketch/sketch/sketch.ino.cpp.o
 .text.__tcf_1  0x0000000000000028       0x10 /home/arduino/ArduinoApps/arduino-video-player/.cache/sketch/sketch/sketch.ino.cpp.o
 .text.k_mutex_lock
                0x0000000000000038        0x8 /home/arduino/ArduinoApps/arduino-video-player/.cache/sketch/sketch/sketch.ino.cpp.o
 .text._ZSt14__relocate_a_1IhhENSt9enable_ifIXsrSt24__is_bitwise_relocatableIT_vE5valueEPS2_E4typeES4_S4_S4_RSaIT0_E.isra.0
                0x0000000000000040       0x20 /home/arduino/ArduinoApps/arduino-video-player/.cache/sketch/sketch/sketch.ino.cpp.o
 .text._ZNSt12_Vector_baseIhSaIhEE11_M_allocateEj.isra.0
                0x0000000000000060       0x20 /home/arduino/ArduinoApps/arduino-video-player/.cache/sketch/sketch/sketch.ino.cpp.o
 .text.k_mutex_unlock.isra.0
                0x0000000000000080        0x8 /home/arduino/ArduinoApps/arduino-video-player/.cache/sketch/sketch/sketch.ino.cpp.o
 .text._ZN13BridgeMonitorILj512EE4readEv
                0x0000000000000088       0x64 /home/arduino/ArduinoApps/arduino-video-player/.cache/sketch/sketch/sketch.ino.cpp.o
                0x0000000000000088                BridgeMonitor<512u>::read()
 .text._ZN13BridgeMonitorILj512EE4peekEv
                0x00000000000000ec       0x44 /home/arduino/ArduinoApps/arduino-video-player/.cache/sketch/sketch/sketch.ino.cpp.o
                0x00000000000000ec                BridgeMonitor<512u>::peek()
 .text.k_msleep.constprop.0.isra.0
                0x0000000000000130        0xc /home/arduino/ArduinoApps/arduino-video-player/.cache/sketch/sketch/sketch.ino.cpp.o
 .text._ZN7arduino7msgpack8Unpacker11deserializeEv
                0x000000000000013c       0x16 /home/arduino/ArduinoApps/arduino-video-player/.cache/sketch/sketch/sketch.ino.cpp.o
                0x000000000000013c                arduino::msgpack::Unpacker::deserialize()
 .text._ZN7arduino7msgpack8Unpacker5clearEv
                0x0000000000000152       0x14 /home/arduino/ArduinoApps/arduino-video-player/.cache/sketch/sketch/sketch.ino.cpp.o
                0x0000000000000152                arduino::msgpack::Unpacker::clear()
 .text._ZNK7arduino7msgpack8Unpacker13getRawBytePtrEjj
                0x0000000000000166       0x1e /home/arduino/ArduinoApps/arduino-video-player/.cache/sketch/sketch/sketch.ino.cpp.o
                0x0000000000000166                arduino::msgpack::Unpacker::getRawBytePtr(unsigned int, unsigned int) const
 .text._ZN8RpcErrorC2Ev
                0x0000000000000184       0x2c /home/arduino/ArduinoApps/arduino-video-player/.cache/sketch/sketch/sketch.ino.cpp.o
                0x0000000000000184                RpcError::RpcError()
                0x0000000000000184                RpcError::RpcError()
 .text._ZN7arduino7msgpack8UnpackerC2Ev
                0x00000000000001b0       0x10 /home/arduino/ArduinoApps/arduino-video-player/.cache/sketch/sketch/sketch.ino.cpp.o
                0x00000000000001b0                arduino::msgpack::Unpacker::Unpacker()
                0x00000000000001b0                arduino::msgpack::Unpacker::Unpacker()
 .text.setup    0x00000000000001c0        0x2 /home/arduino/ArduinoApps/arduino-video-player/.cache/sketch/sketch/sketch.ino.cpp.o
                0x00000000000001c0                setup
 .text.loop     0x00000000000001c2        0x2 /home/arduino/ArduinoApps/arduino-video-player/.cache/sketch/sketch/sketch.ino.cpp.o
                0x00000000000001c2                loop
 .text._ZNSt12_Vector_baseIhSaIhEED2Ev
                0x00000000000001c4       0x18 /home/arduino/ArduinoApps/arduino-video-player/.cache/sketch/sketch/sketch.ino.cpp.o
                0x00000000000001c4                std::_Vector_base<unsigned char, std::allocator<unsigned char> >::~_Vector_base()
                0x00000000000001c4                std::_Vector_base<unsigned char, std::allocator<unsigned char> >::~_Vector_base()
 .text.__tcf_3  0x00000000000001dc       0x14 /home/arduino/ArduinoApps/arduino-video-player/.cache/sketch/sketch/sketch.ino.cpp.o
 .text.__tcf_2  0x00000000000001f0       0x14 /home/arduino/ArduinoApps/arduino-video-player/.cache/sketch/sketch/sketch.ino.cpp.o
 .text._ZNSt6vectorIhSaIhEE14_M_move_assignEOS1_St17integral_constantIbLb1EE.isra.0
                0x0000000000000204       0x34 /home/arduino/ArduinoApps/arduino-video-player/.cache/sketch/sketch/sketch.ino.cpp.o
 .text._ZNK7arduino7msgpack8Unpacker11getRawBytesIhEET_jj
                0x0000000000000238       0x1e /home/arduino/ArduinoApps/arduino-video-player/.cache/sketch/sketch/sketch.ino.cpp.o
                0x0000000000000238                unsigned char arduino::msgpack::Unpacker::getRawBytes<unsigned char>(unsigned int, unsigned int) const
 *fill*         0x0000000000000256        0x2 
 .text._ZNK7arduino7msgpack8Unpacker7getTypeEj
                0x0000000000000258       0x58 /home/arduino/ArduinoApps/arduino-video-player/.cache/sketch/sketch/sketch.ino.cpp.o
                0x0000000000000258                arduino::msgpack::Unpacker::getType(unsigned int) const
 .text._ZNK7arduino7msgpack8Unpacker7getTypeEv
                0x00000000000002b0       0x10 /home/arduino/ArduinoApps/arduino-video-player/.cache/sketch/sketch/sketch.ino.cpp.o
                0x00000000000002b0                arduino::msgpack::Unpacker::getType() const
 .text._ZN7arduino7msgpack8Unpacker11unpackInt32Ev
                0x00000000000002c0       0x58 /home/arduino/ArduinoApps/arduino-video-player/.cache/sketch/sketch/sketch.ino.cpp.o
                0x00000000000002c0                arduino::msgpack::Unpacker::unpackInt32()
 .text._ZN7arduino7msgpack8Unpacker11unpackInt64Ev
                0x0000000000000318       0x60 /home/arduino/ArduinoApps/arduino-video-player/.cache/sketch/sketch/sketch.ino.cpp.o
                0x0000000000000318                arduino::msgpack::Unpacker::unpackInt64()
 .text._ZN7arduino7msgpack8Unpacker9unpackNilEv
                0x0000000000000378       0x3c /home/arduino/ArduinoApps/arduino-video-player/.cache/sketch/sketch/sketch.ino.cpp.o
                0x0000000000000378                arduino::msgpack::Unpacker::unpackNil()
 .text._ZNK7arduino7msgpack8Unpacker7isArrayEv
                0x00000000000003b4       0x20 /home/arduino/ArduinoApps/arduino-video-player/.cache/sketch/sketch/sketch.ino.cpp.o
                0x00000000000003b4                arduino::msgpack::Unpacker::isArray() const
 .text._ZNK7arduino7msgpack8Unpacker5isMapEv
                0x00000000000003d4       0x20 /home/arduino/ArduinoApps/arduino-video-player/.cache/sketch/sketch/sketch.ino.cpp.o
                0x00000000000003d4                arduino::msgpack::Unpacker::isMap() const
 .text._ZNK7arduino7msgpack8Unpacker5isIntEv
                0x00000000000003f4       0x20 /home/arduino/ArduinoApps/arduino-video-player/.cache/sketch/sketch/sketch.ino.cpp.o
                0x00000000000003f4                arduino::msgpack::Unpacker::isInt() const
 .text._ZNK7arduino7msgpack8Unpacker6isUIntEv
                0x0000000000000414       0x20 /home/arduino/ArduinoApps/arduino-video-player/.cache/sketch/sketch/sketch.ino.cpp.o
                0x0000000000000414                arduino::msgpack::Unpacker::isUInt() const
 .text._ZN7arduino7msgpack8Unpacker13unpackFloat32Ev
                0x0000000000000434       0x60 /home/arduino/ArduinoApps/arduino-video-player/.cache/sketch/sketch/sketch.ino.cpp.o
                0x0000000000000434                arduino::msgpack::Unpacker::unpackFloat32()
 .text._ZN7arduino7msgpack8Unpacker11unpackInt16Ev
                0x0000000000000494       0x4c /home/arduino/ArduinoApps/arduino-video-player/.cache/sketch/sketch/sketch.ino.cpp.o
                0x0000000000000494                arduino::msgpack::Unpacker::unpackInt16()
 .text._ZN7arduino7msgpack8Unpacker13unpackFloat64Ev
                0x00000000000004e0       0x6c /home/arduino/ArduinoApps/arduino-video-player/.cache/sketch/sketch/sketch.ino.cpp.o
                0x00000000000004e0                arduino::msgpack::Unpacker::unpackFloat64()
 .text._ZN7arduino7msgpack8Unpacker10unpackInt5Ev
                0x000000000000054c       0x4c /home/arduino/ArduinoApps/arduino-video-player/.cache/sketch/sketch/sketch.ino.cpp.o
                0x000000000000054c                arduino::msgpack::Unpacker::unpackInt5()
 .text._ZN7arduino7msgpack8Unpacker11unpackUInt7Ev
                0x0000000000000598       0x48 /home/arduino/ArduinoApps/arduino-video-player/.cache/sketch/sketch/sketch.ino.cpp.o
                0x0000000000000598                arduino::msgpack::Unpacker::unpackUInt7()
 .text._ZN7arduino7msgpack8Unpacker11unpackUInt8Ev
                0x00000000000005e0       0x48 /home/arduino/ArduinoApps/arduino-video-player/.cache/sketch/sketch/sketch.ino.cpp.o
                0x00000000000005e0                arduino::msgpack::Unpacker::unpackUInt8()
 .text._ZNK7arduino7msgpack8Unpacker11getRawBytesItEET_jj
                0x0000000000000628       0x26 /home/arduino/ArduinoApps/arduino-video-player/.cache/sketch/sketch/sketch.ino.cpp.o
                0x0000000000000628                unsigned short arduino::msgpack::Unpacker::getRawBytes<unsigned short>(unsigned int, unsigned int) const
 *fill*         0x000000000000064e        0x2 
 .text._ZN7arduino7msgpack8Unpacker12unpackUInt16Ev
                0x0000000000000650       0x48 /home/arduino/ArduinoApps/arduino-video-player/.cache/sketch/sketch/sketch.ino.cpp.o
                0x0000000000000650                arduino::msgpack::Unpacker::unpackUInt16()
 .text._ZNK7arduino7msgpack8Unpacker11getRawBytesIjEET_jj
                0x0000000000000698       0x34 /home/arduino/ArduinoApps/arduino-video-player/.cache/sketch/sketch/sketch.ino.cpp.o
                0x0000000000000698                unsigned int arduino::msgpack::Unpacker::getRawBytes<unsigned int>(unsigned int, unsigned int) const
 .text._ZNK7arduino7msgpack8Unpacker14getElementSizeEj
                0x00000000000006cc      0x11c /home/arduino/ArduinoApps/arduino-video-player/.cache/sketch/sketch/sketch.ino.cpp.o
                0x00000000000006cc                arduino::msgpack::Unpacker::getElementSize(unsigned int) const
 .text._ZN7arduino7msgpack8Unpacker15unpackArraySizeEv
                0x00000000000007e8       0x78 /home/arduino/ArduinoApps/arduino-video-player/.cache/sketch/sketch/sketch.ino.cpp.o
                0x00000000000007e8                arduino::msgpack::Unpacker::unpackArraySize()
 .text._ZN7arduino7msgpack8Unpacker11deserializeINS0_4type9ArraySizeEJEEEbRT_DpOT0_.isra.0
                0x0000000000000860       0x40 /home/arduino/ArduinoApps/arduino-video-player/.cache/sketch/sketch/sketch.ino.cpp.o
 .text._ZN7arduino7msgpack8Unpacker12unpackUInt32Ev
                0x00000000000008a0       0x48 /home/arduino/ArduinoApps/arduino-video-player/.cache/sketch/sketch/sketch.ino.cpp.o
                0x00000000000008a0                arduino::msgpack::Unpacker::unpackUInt32()
 .text._ZN7arduino7msgpack8Unpacker13unpackMapSizeEv
                0x00000000000008e8       0x78 /home/arduino/ArduinoApps/arduino-video-player/.cache/sketch/sketch/sketch.ino.cpp.o
                0x00000000000008e8                arduino::msgpack::Unpacker::unpackMapSize()
 .text._ZNK7arduino7msgpack8Unpacker11getRawBytesIyEET_jj
                0x0000000000000960       0x3a /home/arduino/ArduinoApps/arduino-video-player/.cache/sketch/sketch/sketch.ino.cpp.o
                0x0000000000000960                unsigned long long arduino::msgpack::Unpacker::getRawBytes<unsigned long long>(unsigned int, unsigned int) const
 *fill*         0x000000000000099a        0x2 
 .text._ZN7arduino7msgpack8Unpacker12unpackUInt64Ev
                0x000000000000099c       0x4c /home/arduino/ArduinoApps/arduino-video-player/.cache/sketch/sketch/sketch.ino.cpp.o
                0x000000000000099c                arduino::msgpack::Unpacker::unpackUInt64()
 .text._ZNK7arduino7msgpack8Unpacker11getRawBytesIaEET_jj
                0x00000000000009e8       0x1e /home/arduino/ArduinoApps/arduino-video-player/.cache/sketch/sketch/sketch.ino.cpp.o
                0x00000000000009e8                signed char arduino::msgpack::Unpacker::getRawBytes<signed char>(unsigned int, unsigned int) const
 *fill*         0x0000000000000a06        0x2 
 .text._ZN7arduino7msgpack8Unpacker10unpackInt8Ev
                0x0000000000000a08       0x48 /home/arduino/ArduinoApps/arduino-video-player/.cache/sketch/sketch/sketch.ino.cpp.o
                0x0000000000000a08                arduino::msgpack::Unpacker::unpackInt8()
 .text._ZNK7arduino7msgpack8Unpacker13isTimestamp32Ev
                0x0000000000000a50       0x2c /home/arduino/ArduinoApps/arduino-video-player/.cache/sketch/sketch/sketch.ino.cpp.o
                0x0000000000000a50                arduino::msgpack::Unpacker::isTimestamp32() const
 .text._ZNK7arduino7msgpack8Unpacker13isTimestamp64Ev
                0x0000000000000a7c       0x2c /home/arduino/ArduinoApps/arduino-video-player/.cache/sketch/sketch/sketch.ino.cpp.o
                0x0000000000000a7c                arduino::msgpack::Unpacker::isTimestamp64() const
 .text._ZNK7arduino7msgpack8Unpacker13isTimestamp96Ev
                0x0000000000000aa8       0x40 /home/arduino/ArduinoApps/arduino-video-player/.cache/sketch/sketch/sketch.ino.cpp.o
                0x0000000000000aa8                arduino::msgpack::Unpacker::isTimestamp96() const
 .text._ZNK7arduino7msgpack8Unpacker11getRawBytesIcEET_jj
                0x0000000000000ae8       0x1e /home/arduino/ArduinoApps/arduino-video-player/.cache/sketch/sketch/sketch.ino.cpp.o
                0x0000000000000ae8                char arduino::msgpack::Unpacker::getRawBytes<char>(unsigned int, unsigned int) const
 *fill*         0x0000000000000b06        0x2 
 .text._ZN7arduino7msgpack8Unpacker11deserializeINS0_6object5nil_tEJEEEbRT_DpOT0_
                0x0000000000000b08       0x40 /home/arduino/ArduinoApps/arduino-video-player/.cache/sketch/sketch/sketch.ino.cpp.o
                0x0000000000000b08                bool arduino::msgpack::Unpacker::deserialize<arduino::msgpack::object::nil_t>(arduino::msgpack::object::nil_t&)
 .text._ZN7arduino7msgpack8Unpacker11deserializeINS_6StringEJEEEbRT_DpOT0_
                0x0000000000000b48      0x174 /home/arduino/ArduinoApps/arduino-video-player/.cache/sketch/sketch/sketch.ino.cpp.o
                0x0000000000000b48                bool arduino::msgpack::Unpacker::deserialize<arduino::String>(arduino::String&)
 .text._ZN7arduino7msgpack8Unpacker11deserializeINS0_6object8timespecEJEEEbRT_DpOT0_
                0x0000000000000cbc       0xc4 /home/arduino/ArduinoApps/arduino-video-player/.cache/sketch/sketch/sketch.ino.cpp.o
                0x0000000000000cbc                bool arduino::msgpack::Unpacker::deserialize<arduino::msgpack::object::timespec>(arduino::msgpack::object::timespec&)
 .text._ZNSt12_Vector_baseIjSaIjEED2Ev
                0x0000000000000d80       0x18 /home/arduino/ArduinoApps/arduino-video-player/.cache/sketch/sketch/sketch.ino.cpp.o
                0x0000000000000d80                std::_Vector_base<unsigned int, std::allocator<unsigned int> >::~_Vector_base()
                0x0000000000000d80                std::_Vector_base<unsigned int, std::allocator<unsigned int> >::~_Vector_base()
 .text._ZN10RPCRequestILj256EED2Ev
                0x0000000000000d98       0x2c /home/arduino/ArduinoApps/arduino-video-player/.cache/sketch/sketch/sketch.ino.cpp.o
                0x0000000000000d98                RPCRequest<256u>::~RPCRequest()
                0x0000000000000d98                RPCRequest<256u>::~RPCRequest()
 .text._ZNSt6vectorIjSaIjEE17_M_realloc_insertIJRjEEEvN9__gnu_cxx17__normal_iteratorIPjS1_EEDpOT_
                0x0000000000000dc4       0xdc /home/arduino/ArduinoApps/arduino-video-player/.cache/sketch/sketch/sketch.ino.cpp.o
                0x0000000000000dc4                void std::vector<unsigned int, std::allocator<unsigned int> >::_M_realloc_insert<unsigned int&>(__gnu_cxx::__normal_iterator<unsigned int*, std::vector<unsigned int, std::allocator<unsigned int> > >, unsigned int&)
 .text._ZN7arduino7msgpack8Unpacker4feedEPKhj
                0x0000000000000ea0       0x78 /home/arduino/ArduinoApps/arduino-video-player/.cache/sketch/sketch/sketch.ino.cpp.o
                0x0000000000000ea0                arduino::msgpack::Unpacker::feed(unsigned char const*, unsigned int)
 .text._ZNKSt6vectorIhSaIhEE12_M_check_lenEjPKc
                0x0000000000000f18       0x38 /home/arduino/ArduinoApps/arduino-video-player/.cache/sketch/sketch/sketch.ino.cpp.o
                0x0000000000000f18                std::vector<unsigned char, std::allocator<unsigned char> >::_M_check_len(unsigned int, char const*) const
 .text._ZNSt6vectorIhSaIhEE12emplace_backIJRKhEEERhDpOT_.isra.0
                0x0000000000000f50       0x90 /home/arduino/ArduinoApps/arduino-video-player/.cache/sketch/sketch/sketch.ino.cpp.o
 .text._ZNSt6vectorIhSaIhEE12emplace_backIJhEEERhDpOT_.isra.0
                0x0000000000000fe0       0x90 /home/arduino/ArduinoApps/arduino-video-player/.cache/sketch/sketch/sketch.ino.cpp.o
 .text._ZN7arduino7msgpack8Unpacker11deserializeISt6vectorIhSaIhEEJEEEbRT_DpOT0_
                0x0000000000001070      0x13c /home/arduino/ArduinoApps/arduino-video-player/.cache/sketch/sketch/sketch.ino.cpp.o
                0x0000000000001070                bool arduino::msgpack::Unpacker::deserialize<std::vector<unsigned char, std::allocator<unsigned char> >>(std::vector<unsigned char, std::allocator<unsigned char> >&)
 .text._ZN7arduino7msgpack6Packer11packRawByteERKNS0_4TypeE.isra.0
                0x00000000000011ac       0x18 /home/arduino/ArduinoApps/arduino-video-player/.cache/sketch/sketch/sketch.ino.cpp.o
 .text._ZN7arduino7msgpack6Packer9packUInt8Eh
                0x00000000000011c4       0x2c /home/arduino/ArduinoApps/arduino-video-player/.cache/sketch/sketch/sketch.ino.cpp.o
                0x00000000000011c4                arduino::msgpack::Packer::packUInt8(unsigned char)
 .text._ZNSt6vectorIhSaIhEE12emplace_backIJRhEEES3_DpOT_.isra.0
                0x00000000000011f0       0x90 /home/arduino/ArduinoApps/arduino-video-player/.cache/sketch/sketch/sketch.ino.cpp.o
 .text._ZN7arduino7msgpack6Packer15packRawReversedIjEEvRKT_
                0x0000000000001280       0x1c /home/arduino/ArduinoApps/arduino-video-player/.cache/sketch/sketch/sketch.ino.cpp.o
                0x0000000000001280                void arduino::msgpack::Packer::packRawReversed<unsigned int>(unsigned int const&)
 .text._ZN7arduino7msgpack6Packer10packUInt32Ej
                0x000000000000129c       0x28 /home/arduino/ArduinoApps/arduino-video-player/.cache/sketch/sketch/sketch.ino.cpp.o
                0x000000000000129c                arduino::msgpack::Packer::packUInt32(unsigned int)
 .text._ZN7arduino7msgpack6Packer15packRawReversedItEEvRKT_
                0x00000000000012c4       0x1c /home/arduino/ArduinoApps/arduino-video-player/.cache/sketch/sketch/sketch.ino.cpp.o
                0x00000000000012c4                void arduino::msgpack::Packer::packRawReversed<unsigned short>(unsigned short const&)
 .text._ZN7arduino7msgpack6Packer13packArraySizeEj
                0x00000000000012e0       0x58 /home/arduino/ArduinoApps/arduino-video-player/.cache/sketch/sketch/sketch.ino.cpp.o
                0x00000000000012e0                arduino::msgpack::Packer::packArraySize(unsigned int)
 .text._ZN7arduino7msgpack6Packer10packUInt16Et
                0x0000000000001338       0x2c /home/arduino/ArduinoApps/arduino-video-player/.cache/sketch/sketch/sketch.ino.cpp.o
                0x0000000000001338                arduino::msgpack::Packer::packUInt16(unsigned short)
 .text._ZN7arduino7msgpack6Packer11packIntegerIjEENSt9enable_ifIXaaaaaasrSt13is_arithmeticIT_E5valuesrSt11is_integralIS5_E5valuentsrSt7is_sameIS5_bE5valuentsrS9_INSt9remove_cvIS5_E4typeEPcE5valueEvE4typeERKS5_.isra.0
                0x0000000000001364       0x50 /home/arduino/ArduinoApps/arduino-video-player/.cache/sketch/sketch/sketch.ino.cpp.o
 .text._ZN7arduino7msgpack6Packer11packIntegerIiEENSt9enable_ifIXaaaaaasrSt13is_arithmeticIT_E5valuesrSt11is_integralIS5_E5valuentsrSt7is_sameIS5_bE5valuentsrS9_INSt9remove_cvIS5_E4typeEPcE5valueEvE4typeERKS5_.isra.0
                0x00000000000013b4       0xb8 /home/arduino/ArduinoApps/arduino-video-player/.cache/sketch/sketch/sketch.ino.cpp.o
 .text._ZN7arduino7msgpack6Packer12packRawBytesEPKcj
                0x000000000000146c       0x9c /home/arduino/ArduinoApps/arduino-video-player/.cache/sketch/sketch/sketch.ino.cpp.o
                0x000000000000146c                arduino::msgpack::Packer::packRawBytes(char const*, unsigned int)
 .text._ZN7arduino7msgpack6Packer4packERKNS_6StringE
                0x0000000000001508       0x7c /home/arduino/ArduinoApps/arduino-video-player/.cache/sketch/sketch/sketch.ino.cpp.o
                0x0000000000001508                arduino::msgpack::Packer::pack(arduino::String const&)
 .text._ZN7arduino7msgpack8Unpacker9unpackIntIiEENSt9enable_ifIXaaaaaaaasrSt13is_arithmeticIT_E5valuesrSt11is_integralIS5_E5valuentsrSt7is_sameIS5_bE5valuentsrS9_INSt9remove_cvIS5_E4typeEPcE5valuesrSt9is_signedIS5_E5valueES5_E4typeEv
                0x0000000000001584       0xd0 /home/arduino/ArduinoApps/arduino-video-player/.cache/sketch/sketch/sketch.ino.cpp.o
                0x0000000000001584                std::enable_if<(((std::is_arithmetic<int>::value&&std::is_integral<int>::value)&&(!std::is_same<int, bool>::value))&&(!std::is_same<std::remove_cv<int>::type, char*>::value))&&std::is_signed<int>::value, int>::type arduino::msgpack::Unpacker::unpackInt<int>()
 .text._ZN7arduino7msgpack8Unpacker11deserializeIiJEEEbRT_DpOT0_
                0x0000000000001654       0x40 /home/arduino/ArduinoApps/arduino-video-player/.cache/sketch/sketch/sketch.ino.cpp.o
                0x0000000000001654                bool arduino::msgpack::Unpacker::deserialize<int>(int&)
 .text._ZN7arduino7msgpack8Unpacker11unpackFloatIfEENSt9enable_ifIXaasrSt13is_arithmeticIT_E5valuesrSt17is_floating_pointIS5_E5valueES5_E4typeEv
                0x0000000000001694      0x118 /home/arduino/ArduinoApps/arduino-video-player/.cache/sketch/sketch/sketch.ino.cpp.o
                0x0000000000001694                std::enable_if<std::is_arithmetic<float>::value&&std::is_floating_point<float>::value, float>::type arduino::msgpack::Unpacker::unpackFloat<float>()
 *fill*         0x00000000000017ac        0x4 
 .text._ZN7arduino7msgpack8Unpacker11unpackFloatIdEENSt9enable_ifIXaasrSt13is_arithmeticIT_E5valuesrSt17is_floating_pointIS5_E5valueES5_E4typeEv
                0x00000000000017b0      0x118 /home/arduino/ArduinoApps/arduino-video-player/.cache/sketch/sketch/sketch.ino.cpp.o
                0x00000000000017b0                std::enable_if<std::is_arithmetic<double>::value&&std::is_floating_point<double>::value, double>::type arduino::msgpack::Unpacker::unpackFloat<double>()
 .text._ZN7arduino7msgpack8Unpacker11deserializeINS0_4type9ArraySizeEJRiEEEbRT_DpOT0_
                0x00000000000018c8       0x44 /home/arduino/ArduinoApps/arduino-video-player/.cache/sketch/sketch/sketch.ino.cpp.o
                0x00000000000018c8                bool arduino::msgpack::Unpacker::deserialize<arduino::msgpack::type::ArraySize, int&>(arduino::msgpack::type::ArraySize&, int&)
 .text._ZNK10RpcDecoderILj1024EE4sendEPKhj
                0x000000000000190c       0x22 /home/arduino/ArduinoApps/arduino-video-player/.cache/sketch/sketch/sketch.ino.cpp.o
                0x000000000000190c                RpcDecoder<1024u>::send(unsigned char const*, unsigned int) const
 *fill*         0x000000000000192e        0x2 
 .text._ZN9RPCClient8send_rpcIJRKN7arduino6StringEEEEbS4_RjDpOT_.isra.0
                0x0000000000001930       0x90 /home/arduino/ArduinoApps/arduino-video-player/.cache/sketch/sketch/sketch.ino.cpp.o
 .text._ZN9RPCClient8send_rpcIJRKjEEEbRKN7arduino6StringERjDpOT_.isra.0
                0x00000000000019c0       0x94 /home/arduino/ArduinoApps/arduino-video-player/.cache/sketch/sketch/sketch.ino.cpp.o
 .text._ZN10RpcDecoderILj1024EE7consumeEjj
                0x0000000000001a54       0x36 /home/arduino/ArduinoApps/arduino-video-player/.cache/sketch/sketch/sketch.ino.cpp.o
                0x0000000000001a54                RpcDecoder<1024u>::consume(unsigned int, unsigned int)
 *fill*         0x0000000000001a8a        0x2 
 .text._ZN10RpcDecoderILj1024EE7discardEv
                0x0000000000001a8c       0x2c /home/arduino/ArduinoApps/arduino-video-player/.cache/sketch/sketch/sketch.ino.cpp.o
                0x0000000000001a8c                RpcDecoder<1024u>::discard()
 .text._ZN7arduino7msgpack8Unpacker11deserializeI8RpcErrorJRNS0_6object5nil_tEEEEbRT_DpOT0_
                0x0000000000001ab8       0x90 /home/arduino/ArduinoApps/arduino-video-player/.cache/sketch/sketch/sketch.ino.cpp.o
                0x0000000000001ab8                bool arduino::msgpack::Unpacker::deserialize<RpcError, arduino::msgpack::object::nil_t&>(RpcError&, arduino::msgpack::object::nil_t&)
 .text._ZN7arduino7msgpack8Unpacker10unpackUIntIjEENSt9enable_ifIXaaaaaaaasrSt13is_arithmeticIT_E5valuesrSt11is_integralIS5_E5valuentsrSt7is_sameIS5_bE5valuentsrS9_INSt9remove_cvIS5_E4typeEPcE5valuentsrSt9is_signedIS5_E5valueES5_E4typeEv
                0x0000000000001b48       0x80 /home/arduino/ArduinoApps/arduino-video-player/.cache/sketch/sketch/sketch.ino.cpp.o
                0x0000000000001b48                std::enable_if<(((std::is_arithmetic<unsigned int>::value&&std::is_integral<unsigned int>::value)&&(!std::is_same<unsigned int, bool>::value))&&(!std::is_same<std::remove_cv<unsigned int>::type, char*>::value))&&(!std::is_signed<unsigned int>::value), unsigned int>::type arduino::msgpack::Unpacker::unpackUInt<unsigned int>()
 .text._ZN7arduino7msgpack8Unpacker11deserializeIjJRNS_6StringEEEEbRT_DpOT0_
                0x0000000000001bc8       0x44 /home/arduino/ArduinoApps/arduino-video-player/.cache/sketch/sketch/sketch.ino.cpp.o
                0x0000000000001bc8                bool arduino::msgpack::Unpacker::deserialize<unsigned int, arduino::String&>(unsigned int&, arduino::String&)
 .text._ZN10RpcDecoderILj1024EE16fetch_rpc_methodEv
                0x0000000000001c0c       0xe8 /home/arduino/ArduinoApps/arduino-video-player/.cache/sketch/sketch/sketch.ino.cpp.o
                0x0000000000001c0c                RpcDecoder<1024u>::fetch_rpc_method()
 .text._ZN10RPCRequestILj256EE22unpack_request_headersEv
                0x0000000000001cf4       0xb8 /home/arduino/ArduinoApps/arduino-video-player/.cache/sketch/sketch/sketch.ino.cpp.o
                0x0000000000001cf4                RPCRequest<256u>::unpack_request_headers()
 .text._ZN9RPCServer15process_requestILj256EEEvR10RPCRequestIXT_EE
                0x0000000000001dac      0x138 /home/arduino/ArduinoApps/arduino-video-player/.cache/sketch/sketch/sketch.ino.cpp.o
                0x0000000000001dac                void RPCServer::process_request<256u>(RPCRequest<256u>&)
 .text._ZN7arduino7msgpack8Unpacker11deserializeIjJEEEbRT_DpOT0_
                0x0000000000001ee4       0x40 /home/arduino/ArduinoApps/arduino-video-player/.cache/sketch/sketch/sketch.ino.cpp.o
                0x0000000000001ee4                bool arduino::msgpack::Unpacker::deserialize<unsigned int>(unsigned int&)
 .text._ZN7arduino7msgpack8Unpacker11deserializeINS0_4type9ArraySizeEJRiRjEEEbRT_DpOT0_
                0x0000000000001f24       0x78 /home/arduino/ArduinoApps/arduino-video-player/.cache/sketch/sketch/sketch.ino.cpp.o
                0x0000000000001f24                bool arduino::msgpack::Unpacker::deserialize<arduino::msgpack::type::ArraySize, int&, unsigned int&>(arduino::msgpack::type::ArraySize&, int&, unsigned int&)
 .text._ZN10RpcDecoderILj1024EE12get_responseIN7arduino7msgpack6object5nil_tEEEbjRT_R8RpcError
                0x0000000000001f9c      0x168 /home/arduino/ArduinoApps/arduino-video-player/.cache/sketch/sketch/sketch.ino.cpp.o
                0x0000000000001f9c                bool RpcDecoder<1024u>::get_response<arduino::msgpack::object::nil_t>(unsigned int, arduino::msgpack::object::nil_t&, RpcError&)
 .text._ZNSt11__copy_moveILb0ELb1ESt26random_access_iterator_tagE8__copy_mIhEEPT_PKS3_S6_S4_
                0x0000000000002104       0x1c /home/arduino/ArduinoApps/arduino-video-player/.cache/sketch/sketch/sketch.ino.cpp.o
                0x0000000000002104                unsigned char* std::__copy_move<false, true, std::random_access_iterator_tag>::__copy_m<unsigned char>(unsigned char const*, unsigned char const*, unsigned char*)
 .text._ZNSt11__copy_moveILb1ELb1ESt26random_access_iterator_tagE8__copy_mIhEEPT_PKS3_S6_S4_
                0x0000000000002120       0x1c /home/arduino/ArduinoApps/arduino-video-player/.cache/sketch/sketch/sketch.ino.cpp.o
                0x0000000000002120                unsigned char* std::__copy_move<true, true, std::random_access_iterator_tag>::__copy_m<unsigned char>(unsigned char const*, unsigned char const*, unsigned char*)
 .text._ZN7arduino7msgpack6object3extC2EaPKhj
                0x000000000000213c      0x104 /home/arduino/ArduinoApps/arduino-video-player/.cache/sketch/sketch/sketch.ino.cpp.o
                0x000000000000213c                arduino::msgpack::object::ext::ext(signed char, unsigned char const*, unsigned int)
                0x000000000000213c                arduino::msgpack::object::ext::ext(signed char, unsigned char const*, unsigned int)
 .text._ZN7arduino7msgpack8Unpacker9unpackExtEv
                0x0000000000002240      0x178 /home/arduino/ArduinoApps/arduino-video-player/.cache/sketch/sketch/sketch.ino.cpp.o
                0x0000000000002240                arduino::msgpack::Unpacker::unpackExt()
 .text._ZN8RpcUtils6detail12unpackObjectERN7arduino7msgpack8UnpackerE
                0x00000000000023b8      0x2c8 /home/arduino/ArduinoApps/arduino-video-player/.cache/sketch/sketch/sketch.ino.cpp.o
                0x00000000000023b8                RpcUtils::detail::unpackObject(arduino::msgpack::Unpacker&)
 .text._ZN10RpcDecoderILj1024EE12parse_packetEv
                0x0000000000002680       0xf8 /home/arduino/ArduinoApps/arduino-video-player/.cache/sketch/sketch/sketch.ino.cpp.o
                0x0000000000002680                RpcDecoder<1024u>::parse_packet()
 .text._ZN10RpcDecoderILj1024EE6decodeEv
                0x0000000000002778       0x40 /home/arduino/ArduinoApps/arduino-video-player/.cache/sketch/sketch/sketch.ino.cpp.o
                0x0000000000002778                RpcDecoder<1024u>::decode()
 .text._ZN9RPCServer7get_rpcILj256EEEbR10RPCRequestIXT_EEN7arduino6StringE
                0x00000000000027b8       0xc4 /home/arduino/ArduinoApps/arduino-video-player/.cache/sketch/sketch/sketch.ino.cpp.o
                0x00000000000027b8                bool RPCServer::get_rpc<256u>(RPCRequest<256u>&, arduino::String)
 .text._ZN11BridgeClass11update_safeEv
                0x000000000000287c       0xf4 /home/arduino/ArduinoApps/arduino-video-player/.cache/sketch/sketch/sketch.ino.cpp.o
                0x000000000000287c                BridgeClass::update_safe()
 .text._Z10__loopHookv
                0x0000000000002970       0x20 /home/arduino/ArduinoApps/arduino-video-player/.cache/sketch/sketch/sketch.ino.cpp.o
                0x0000000000002970                __loopHook()
 .text._ZN9RPCClient12get_responseIN7arduino7msgpack6object5nil_tEEEbjRT_R8RpcError
                0x0000000000002990       0x40 /home/arduino/ArduinoApps/arduino-video-player/.cache/sketch/sketch/sketch.ino.cpp.o
                0x0000000000002990                bool RPCClient::get_response<arduino::msgpack::object::nil_t>(unsigned int, arduino::msgpack::object::nil_t&, RpcError&)
 .text._ZN8RpcUtils6detail9unpackMapERN7arduino7msgpack8UnpackerERj
                0x00000000000029d0       0x80 /home/arduino/ArduinoApps/arduino-video-player/.cache/sketch/sketch/sketch.ino.cpp.o
                0x00000000000029d0                RpcUtils::detail::unpackMap(arduino::msgpack::Unpacker&, unsigned int&)
 .text._ZN10RpcDecoderILj1024EE12get_responseIjEEbjRT_R8RpcError
                0x0000000000002a50      0x168 /home/arduino/ArduinoApps/arduino-video-player/.cache/sketch/sketch/sketch.ino.cpp.o
                0x0000000000002a50                bool RpcDecoder<1024u>::get_response<unsigned int>(unsigned int, unsigned int&, RpcError&)
 .text._ZN9RpcResultIJRN7arduino6StringEEE6resultIjEEbRT_
                0x0000000000002bb8       0xbc /home/arduino/ArduinoApps/arduino-video-player/.cache/sketch/sketch/sketch.ino.cpp.o
                0x0000000000002bb8                bool RpcResult<arduino::String&>::result<unsigned int>(unsigned int&)
 .text._ZN13BridgeMonitorILj512EE5writeEPKhj
                0x0000000000002c74      0x128 /home/arduino/ArduinoApps/arduino-video-player/.cache/sketch/sketch/sketch.ino.cpp.o
                0x0000000000002c74                BridgeMonitor<512u>::write(unsigned char const*, unsigned int)
 .text._ZN10RpcDecoderILj1024EE12get_responseISt6vectorIhSaIhEEEEbjRT_R8RpcError
                0x0000000000002d9c      0x168 /home/arduino/ArduinoApps/arduino-video-player/.cache/sketch/sketch/sketch.ino.cpp.o
                0x0000000000002d9c                bool RpcDecoder<1024u>::get_response<std::vector<unsigned char, std::allocator<unsigned char> > >(unsigned int, std::vector<unsigned char, std::allocator<unsigned char> >&, RpcError&)
 .text._ZN9RpcResultIJRjEE6resultISt6vectorIhSaIhEEEEbRT_
                0x0000000000002f04       0xbc /home/arduino/ArduinoApps/arduino-video-player/.cache/sketch/sketch/sketch.ino.cpp.o
                0x0000000000002f04                bool RpcResult<unsigned int&>::result<std::vector<unsigned char, std::allocator<unsigned char> > >(std::vector<unsigned char, std::allocator<unsigned char> >&)
 .text._ZN13BridgeMonitorILj512EE5_readEj
                0x0000000000002fc0      0x15c /home/arduino/ArduinoApps/arduino-video-player/.cache/sketch/sketch/sketch.ino.cpp.o
                0x0000000000002fc0                BridgeMonitor<512u>::_read(unsigned int)
 .text._ZN13BridgeMonitorILj512EE9availableEv
                0x000000000000311c       0x44 /home/arduino/ArduinoApps/arduino-video-player/.cache/sketch/sketch/sketch.ino.cpp.o
                0x000000000000311c                BridgeMonitor<512u>::available()
 .text._GLOBAL__sub_I_Bridge
                0x0000000000003160       0xc4 /home/arduino/ArduinoApps/arduino-video-player/.cache/sketch/sketch/sketch.ino.cpp.o
 .text._GLOBAL__sub_D_Bridge
                0x0000000000003224       0x20 /home/arduino/ArduinoApps/arduino-video-player/.cache/sketch/sketch/sketch.ino.cpp.o
 .text._ZSt20__throw_length_errorPKc
                0x0000000000003244        0x2 /home/arduino/ArduinoApps/arduino-video-player/.cache/sketch/core/core.a(abi.cpp.o)
                0x0000000000003244                std::__throw_length_error(char const*)
 .text._ZSt17__throw_bad_allocv
                0x0000000000003246        0x2 /home/arduino/ArduinoApps/arduino-video-player/.cache/sketch/core/core.a(abi.cpp.o)
                0x0000000000003246                std::__throw_bad_alloc()
 .text.atexit   0x0000000000003248        0x4 /home/arduino/ArduinoApps/arduino-video-player/.cache/sketch/core/core.a(abi.cpp.o)
                0x0000000000003248                atexit
 .text.strcmp   0x000000000000324c       0x16 /home/arduino/ArduinoApps/arduino-video-player/.cache/sketch/core/core.a(abi.cpp.o)
                0x000000000000324c                strcmp
 .text._ZN7arduino6StringC2EOS0_
                0x0000000000003262       0x16 /home/arduino/ArduinoApps/arduino-video-player/.cache/sketch/core/core.a(String.cpp.o)
                0x0000000000003262                arduino::String::String(arduino::String&&)
                0x0000000000003262                arduino::String::String(arduino::String&&)
 .text._ZN7arduino6StringD2Ev
                0x0000000000003278       0x14 /home/arduino/ArduinoApps/arduino-video-player/.cache/sketch/core/core.a(String.cpp.o)
                0x0000000000003278                arduino::String::~String()
                0x0000000000003278                arduino::String::~String()
 .text._ZN7arduino6String10invalidateEv
                0x000000000000328c       0x1c /home/arduino/ArduinoApps/arduino-video-player/.cache/sketch/core/core.a(String.cpp.o)
                0x000000000000328c                arduino::String::invalidate()
 .text._ZN7arduino6String12changeBufferEj
                0x00000000000032a8       0x1c /home/arduino/ArduinoApps/arduino-video-player/.cache/sketch/core/core.a(String.cpp.o)
                0x00000000000032a8                arduino::String::changeBuffer(unsigned int)
 .text._ZN7arduino6String7reserveEj
                0x00000000000032c4       0x28 /home/arduino/ArduinoApps/arduino-video-player/.cache/sketch/core/core.a(String.cpp.o)
                0x00000000000032c4                arduino::String::reserve(unsigned int)
 .text._ZN7arduino6String4copyEPKcj
                0x00000000000032ec       0x3c /home/arduino/ArduinoApps/arduino-video-player/.cache/sketch/core/core.a(String.cpp.o)
                0x00000000000032ec                arduino::String::copy(char const*, unsigned int)
 .text._ZN7arduino6StringC2EPKc
                0x0000000000003328       0x2c /home/arduino/ArduinoApps/arduino-video-player/.cache/sketch/core/core.a(String.cpp.o)
                0x0000000000003328                arduino::String::String(char const*)
                0x0000000000003328                arduino::String::String(char const*)
 .text._ZN7arduino6String4moveERS0_
                0x0000000000003354       0x2c /home/arduino/ArduinoApps/arduino-video-player/.cache/sketch/core/core.a(String.cpp.o)
                0x0000000000003354                arduino::String::move(arduino::String&)
 .text._ZN7arduino6StringaSERKS0_
                0x0000000000003380       0x28 /home/arduino/ArduinoApps/arduino-video-player/.cache/sketch/core/core.a(String.cpp.o)
                0x0000000000003380                arduino::String::operator=(arduino::String const&)
 .text._ZN7arduino6StringC2ERKS0_
                0x00000000000033a8       0x18 /home/arduino/ArduinoApps/arduino-video-player/.cache/sketch/core/core.a(String.cpp.o)
                0x00000000000033a8                arduino::String::String(arduino::String const&)
                0x00000000000033a8                arduino::String::String(arduino::String const&)
 .text._ZN7arduino6StringaSEOS0_
                0x00000000000033c0       0x10 /home/arduino/ArduinoApps/arduino-video-player/.cache/sketch/core/core.a(String.cpp.o)
                0x00000000000033c0                arduino::String::operator=(arduino::String&&)
 .text._ZN7arduino6StringaSEPKc
                0x00000000000033d0       0x30 /home/arduino/ArduinoApps/arduino-video-player/.cache/sketch/core/core.a(String.cpp.o)
                0x00000000000033d0                arduino::String::operator=(char const*)
 .text._ZN7arduino6String6concatEPKcj
                0x0000000000003400       0x40 /home/arduino/ArduinoApps/arduino-video-player/.cache/sketch/core/core.a(String.cpp.o)
                0x0000000000003400                arduino::String::concat(char const*, unsigned int)
 .text._ZN7arduino6String6concatEc
                0x0000000000003440       0x1c /home/arduino/ArduinoApps/arduino-video-player/.cache/sketch/core/core.a(String.cpp.o)
                0x0000000000003440                arduino::String::concat(char)
 .text._ZNK7arduino6String9compareToERKS0_
                0x000000000000345c       0x30 /home/arduino/ArduinoApps/arduino-video-player/.cache/sketch/core/core.a(String.cpp.o)
                0x000000000000345c                arduino::String::compareTo(arduino::String const&) const
 .text._ZNK7arduino6String6equalsERKS0_
                0x000000000000348c       0x20 /home/arduino/ArduinoApps/arduino-video-player/.cache/sketch/core/core.a(String.cpp.o)
                0x000000000000348c                arduino::String::equals(arduino::String const&) const
 .text._ZNK7arduino6String6equalsEPKc
                0x00000000000034ac       0x28 /home/arduino/ArduinoApps/arduino-video-player/.cache/sketch/core/core.a(String.cpp.o)
                0x00000000000034ac                arduino::String::equals(char const*) const
 .text.initVariant
                0x00000000000034d4        0x2 /home/arduino/ArduinoApps/arduino-video-player/.cache/sketch/core/core.a(main.cpp.o)
                0x00000000000034d4                initVariant
 *fill*         0x00000000000034d6        0x2 
 .text.main     0x00000000000034d8       0x2c /home/arduino/ArduinoApps/arduino-video-player/.cache/sketch/core/core.a(main.cpp.o)
                0x00000000000034d8                main
 .text._ZL10new_helperj
                0x0000000000003504       0x10 /home/arduino/ArduinoApps/arduino-video-player/.cache/sketch/core/core.a(new.cpp.o)
 .text._Znwj    0x0000000000003514        0x8 /home/arduino/ArduinoApps/arduino-video-player/.cache/sketch/core/core.a(new.cpp.o)
                0x0000000000003514                operator new(unsigned int)
 .text._ZnwjPv  0x000000000000351c        0x4 /home/arduino/ArduinoApps/arduino-video-player/.cache/sketch/core/core.a(new.cpp.o)
                0x000000000000351c                operator new(unsigned int, void*)
 .text._ZdlPvj  0x0000000000003520        0x8 /home/arduino/ArduinoApps/arduino-video-player/.cache/sketch/core/core.a(new.cpp.o)
                0x0000000000003520                operator delete(void*, unsigned int)
 .text._Z20start_static_threadsv
                0x0000000000003528       0x6c /home/arduino/ArduinoApps/arduino-video-player/.cache/sketch/core/core.a(threads.cpp.o)
                0x0000000000003528                start_static_threads()
 .text.z_impl_uart_irq_tx_enable
                0x0000000000003594        0xa /home/arduino/ArduinoApps/arduino-video-player/.cache/sketch/core/core.a(zephyrSerial.cpp.o)
 .text._ZN7arduino12ZephyrSerial5beginEm
                0x000000000000359e        0xa /home/arduino/ArduinoApps/arduino-video-player/.cache/sketch/core/core.a(zephyrSerial.cpp.o)
                0x000000000000359e                arduino::ZephyrSerial::begin(unsigned long)
 .text._ZN7arduino12ZephyrSerial3endEv
                0x00000000000035a8        0x2 /home/arduino/ArduinoApps/arduino-video-player/.cache/sketch/core/core.a(zephyrSerial.cpp.o)
                0x00000000000035a8                arduino::ZephyrSerial::end()
 .text._ZN7arduino12ZephyrSerial5writeEh
                0x00000000000035aa       0x18 /home/arduino/ArduinoApps/arduino-video-player/.cache/sketch/core/core.a(zephyrSerial.cpp.o)
                0x00000000000035aa                arduino::ZephyrSerial::write(unsigned char)
 .text._ZN7arduino12ZephyrSerialcvbEv
                0x00000000000035c2        0x4 /home/arduino/ArduinoApps/arduino-video-player/.cache/sketch/core/core.a(zephyrSerial.cpp.o)
                0x00000000000035c2                arduino::ZephyrSerial::operator bool()
 *fill*         0x00000000000035c6        0x2 
 .text.k_sem_give
                0x00000000000035c8        0x8 /home/arduino/ArduinoApps/arduino-video-player/.cache/sketch/core/core.a(zephyrSerial.cpp.o)
 .text.k_sem_take.isra.0
                0x00000000000035d0        0x8 /home/arduino/ArduinoApps/arduino-video-player/.cache/sketch/core/core.a(zephyrSerial.cpp.o)
 .text._ZN7arduino12ZephyrSerial4readEv
                0x00000000000035d8       0x48 /home/arduino/ArduinoApps/arduino-video-player/.cache/sketch/core/core.a(zephyrSerial.cpp.o)
                0x00000000000035d8                arduino::ZephyrSerial::read()
 .text._ZN7arduino12ZephyrSerial4peekEv
                0x0000000000003620       0x48 /home/arduino/ArduinoApps/arduino-video-player/.cache/sketch/core/core.a(zephyrSerial.cpp.o)
                0x0000000000003620                arduino::ZephyrSerial::peek()
 .text._ZN7arduino12ZephyrSerial17availableForWriteEv
                0x0000000000003668       0x3c /home/arduino/ArduinoApps/arduino-video-player/.cache/sketch/core/core.a(zephyrSerial.cpp.o)
                0x0000000000003668                arduino::ZephyrSerial::availableForWrite()
 .text._ZN7arduino12ZephyrSerial9availableEv
                0x00000000000036a4       0x34 /home/arduino/ArduinoApps/arduino-video-player/.cache/sketch/core/core.a(zephyrSerial.cpp.o)
                0x00000000000036a4                arduino::ZephyrSerial::available()
 .text._ZN7arduino12ZephyrSerial5beginEmt
                0x00000000000036d8       0xb8 /home/arduino/ArduinoApps/arduino-video-player/.cache/sketch/core/core.a(zephyrSerial.cpp.o)
                0x00000000000036d8                arduino::ZephyrSerial::begin(unsigned long, unsigned short)
 .text._ZN7arduino12ZephyrSerial5flushEv
                0x0000000000003790       0x2c /home/arduino/ArduinoApps/arduino-video-player/.cache/sketch/core/core.a(zephyrSerial.cpp.o)
                0x0000000000003790                arduino::ZephyrSerial::flush()
 .text._ZN7arduino12ZephyrSerial5writeEPKhj
                0x00000000000037bc       0x70 /home/arduino/ArduinoApps/arduino-video-player/.cache/sketch/core/core.a(zephyrSerial.cpp.o)
                0x00000000000037bc                arduino::ZephyrSerial::write(unsigned char const*, unsigned int)
 .text._ZN7arduino12ZephyrSerial10IrqHandlerEv
                0x000000000000382c       0xec /home/arduino/ArduinoApps/arduino-video-player/.cache/sketch/core/core.a(zephyrSerial.cpp.o)
                0x000000000000382c                arduino::ZephyrSerial::IrqHandler()
 .text._ZN7arduino12ZephyrSerial11IrqDispatchEPK6devicePv
                0x0000000000003918        0xc /home/arduino/ArduinoApps/arduino-video-player/.cache/sketch/core/core.a(zephyrSerial.cpp.o)
                0x0000000000003918                arduino::ZephyrSerial::IrqDispatch(device const*, void*)
 .text._ZN7arduino12ZephyrSerial18ZephyrSerialBufferILi64EEC2Ev
                0x0000000000003924       0x28 /home/arduino/ArduinoApps/arduino-video-player/.cache/sketch/core/core.a(zephyrSerial.cpp.o)
                0x0000000000003924                arduino::ZephyrSerial::ZephyrSerialBuffer<64>::ZephyrSerialBuffer()
                0x0000000000003924                arduino::ZephyrSerial::ZephyrSerialBuffer<64>::ZephyrSerialBuffer()
 .text._GLOBAL__sub_I__ZN7arduino12ZephyrSerial5beginEmt
                0x000000000000394c       0x5c /home/arduino/ArduinoApps/arduino-video-player/.cache/sketch/core/core.a(zephyrSerial.cpp.o)
 .text.yield    0x00000000000039a8        0x8 /home/arduino/ArduinoApps/arduino-video-player/.cache/sketch/core/core.a(zephyrCommon.cpp.o)
                0x00000000000039a8                yield
 *(.text.*)
 *(.text._*)
 *(.init)
 *(.ctors)
 *(.dtors)
 *(.fini)

.static_thread_data_area
                0x00000000000039b0        0x0
                0x00000000000039b0                __static_thread_data_list_start = .
 *(.static_thread_data_area SORT_BY_NAME(.__static_thread_data.*))
                0x00000000000039b0                __static_thread_data_list_end = .

.rodata         0x00000000000039b0      0x188
 *(.rodata)
 *(.rodata1)
 *(.rodata.*)
 .rodata._ZN8RpcErrorC2Ev.str1.1
                0x00000000000039b0        0x1 /home/arduino/ArduinoApps/arduino-video-player/.cache/sketch/sketch/sketch.ino.cpp.o
 .rodata._ZNSt6vectorIjSaIjEE17_M_realloc_insertIJRjEEEvN9__gnu_cxx17__normal_iteratorIPjS1_EEDpOT_.str1.1
                0x00000000000039b1       0x1a /home/arduino/ArduinoApps/arduino-video-player/.cache/sketch/sketch/sketch.ino.cpp.o
 .rodata._ZN10RpcDecoderILj1024EE12get_responseIN7arduino7msgpack6object5nil_tEEEbjRT_R8RpcError.str1.1
                0x00000000000039cb       0x7b /home/arduino/ArduinoApps/arduino-video-player/.cache/sketch/sketch/sketch.ino.cpp.o
 .rodata._ZN7arduino7msgpack6object3extC2EaPKhj.str1.1
                0x0000000000003a46       0x28 /home/arduino/ArduinoApps/arduino-video-player/.cache/sketch/sketch/sketch.ino.cpp.o
 .rodata._ZN11BridgeClass11update_safeEv.str1.1
                0x0000000000003a6e        0x9 /home/arduino/ArduinoApps/arduino-video-player/.cache/sketch/sketch/sketch.ino.cpp.o
 .rodata._ZN13BridgeMonitorILj512EE5writeEPKhj.str1.1
                0x0000000000003a77        0xa /home/arduino/ArduinoApps/arduino-video-player/.cache/sketch/sketch/sketch.ino.cpp.o
 .rodata._ZN13BridgeMonitorILj512EE5_readEj.str1.1
                0x0000000000003a81        0x9 /home/arduino/ArduinoApps/arduino-video-player/.cache/sketch/sketch/sketch.ino.cpp.o
 *fill*         0x0000000000003a8a        0x2 
 .rodata._ZTV13BridgeMonitorILj512EE
                0x0000000000003a8c       0x24 /home/arduino/ArduinoApps/arduino-video-player/.cache/sketch/sketch/sketch.ino.cpp.o
                0x0000000000003a8c                vtable for BridgeMonitor<512u>
 .rodata.str1.1
                0x0000000000003ab0       0x51 /home/arduino/ArduinoApps/arduino-video-player/.cache/sketch/core/core.a(main.cpp.o)
 *fill*         0x0000000000003b01        0x3 
 .rodata._ZTVN7arduino12ZephyrSerialE
                0x0000000000003b04       0x34 /home/arduino/ArduinoApps/arduino-video-player/.cache/sketch/core/core.a(zephyrSerial.cpp.o)
                0x0000000000003b04                vtable for arduino::ZephyrSerial

.data
 *(.data .data.*)

.bss            0x0000000000003b38     0x1244
 *(.bss .bss.* COMMON)
 .bss._ZGVN17RpcDecoderManagerILj3EE9decoders_E
                0x0000000000003b38        0x4 /home/arduino/ArduinoApps/arduino-video-player/.cache/sketch/sketch/sketch.ino.cpp.o
                0x0000000000003b38                guard variable for RpcDecoderManager<3u>::decoders_
 .bss._ZN17RpcDecoderManagerILj3EE9decoders_E
                0x0000000000003b3c      0xc60 /home/arduino/ArduinoApps/arduino-video-player/.cache/sketch/sketch/sketch.ino.cpp.o
                0x0000000000003b3c                RpcDecoderManager<3u>::decoders_
 .bss._ZGVZN7arduino7msgpack8Unpacker10from_arrayIJRiRNS_6StringEEEEbDpOT_E2sz
                0x000000000000479c        0x4 /home/arduino/ArduinoApps/arduino-video-player/.cache/sketch/sketch/sketch.ino.cpp.o
                0x000000000000479c                guard variable for arduino::msgpack::Unpacker::from_array<int&, arduino::String&>(int&, arduino::String&)::sz
 .bss._ZZN7arduino7msgpack8Unpacker10from_arrayIJRiRNS_6StringEEEEbDpOT_E2sz
                0x00000000000047a0        0x4 /home/arduino/ArduinoApps/arduino-video-player/.cache/sketch/sketch/sketch.ino.cpp.o
                0x00000000000047a0                arduino::msgpack::Unpacker::from_array<int&, arduino::String&>(int&, arduino::String&)::sz
 .bss._ZN12RouterBridge3HCIE
                0x00000000000047a4       0x28 /home/arduino/ArduinoApps/arduino-video-player/.cache/sketch/sketch/sketch.ino.cpp.o
                0x00000000000047a4                RouterBridge::HCI
 .bss.Monitor   0x00000000000047cc      0x238 /home/arduino/ArduinoApps/arduino-video-player/.cache/sketch/sketch/sketch.ino.cpp.o
                0x00000000000047cc                Monitor
 *fill*         0x0000000000004a04        0x4 
 .bss.Bridge    0x0000000000004a08      0x140 /home/arduino/ArduinoApps/arduino-video-player/.cache/sketch/sketch/sketch.ino.cpp.o
                0x0000000000004a08                Bridge
 .bss._ZZN8RpcUtils6detail12unpackObjectERN7arduino7msgpack8UnpackerEE1t
                0x0000000000004b48       0x10 /home/arduino/ArduinoApps/arduino-video-player/.cache/sketch/sketch/sketch.ino.cpp.o
                0x0000000000004b48                RpcUtils::detail::unpackObject(arduino::msgpack::Unpacker&)::t
 .bss._ZGVZN8RpcUtils6detail12unpackObjectERN7arduino7msgpack8UnpackerEE1e
                0x0000000000004b58        0x4 /home/arduino/ArduinoApps/arduino-video-player/.cache/sketch/sketch/sketch.ino.cpp.o
                0x0000000000004b58                guard variable for RpcUtils::detail::unpackObject(arduino::msgpack::Unpacker&)::e
 .bss._ZZN8RpcUtils6detail12unpackObjectERN7arduino7msgpack8UnpackerEE1e
                0x0000000000004b5c        0xc /home/arduino/ArduinoApps/arduino-video-player/.cache/sketch/sketch/sketch.ino.cpp.o
                0x0000000000004b5c                RpcUtils::detail::unpackObject(arduino::msgpack::Unpacker&)::e
 .bss._ZZN8RpcUtils6detail12unpackObjectERN7arduino7msgpack8UnpackerEE6map_sz
                0x0000000000004b68        0x4 /home/arduino/ArduinoApps/arduino-video-player/.cache/sketch/sketch/sketch.ino.cpp.o
                0x0000000000004b68                RpcUtils::detail::unpackObject(arduino::msgpack::Unpacker&)::map_sz
 .bss._ZZN8RpcUtils6detail12unpackObjectERN7arduino7msgpack8UnpackerEE6arr_sz
                0x0000000000004b6c        0x4 /home/arduino/ArduinoApps/arduino-video-player/.cache/sketch/sketch/sketch.ino.cpp.o
                0x0000000000004b6c                RpcUtils::detail::unpackObject(arduino::msgpack::Unpacker&)::arr_sz
 .bss._ZGVZN8RpcUtils6detail12unpackObjectERN7arduino7msgpack8UnpackerEE5bytes
                0x0000000000004b70        0x4 /home/arduino/ArduinoApps/arduino-video-player/.cache/sketch/sketch/sketch.ino.cpp.o
                0x0000000000004b70                guard variable for RpcUtils::detail::unpackObject(arduino::msgpack::Unpacker&)::bytes
 .bss._ZZN8RpcUtils6detail12unpackObjectERN7arduino7msgpack8UnpackerEE5bytes
                0x0000000000004b74        0xc /home/arduino/ArduinoApps/arduino-video-player/.cache/sketch/sketch/sketch.ino.cpp.o
                0x0000000000004b74                RpcUtils::detail::unpackObject(arduino::msgpack::Unpacker&)::bytes
 .bss._ZGVZN8RpcUtils6detail12unpackObjectERN7arduino7msgpack8UnpackerEE6string
                0x0000000000004b80        0x4 /home/arduino/ArduinoApps/arduino-video-player/.cache/sketch/sketch/sketch.ino.cpp.o
                0x0000000000004b80                guard variable for RpcUtils::detail::unpackObject(arduino::msgpack::Unpacker&)::string
 .bss._ZZN8RpcUtils6detail12unpackObjectERN7arduino7msgpack8UnpackerEE6string
                0x0000000000004b84        0xc /home/arduino/ArduinoApps/arduino-video-player/.cache/sketch/sketch/sketch.ino.cpp.o
                0x0000000000004b84                RpcUtils::detail::unpackObject(arduino::msgpack::Unpacker&)::string
 .bss._ZZN8RpcUtils6detail12unpackObjectERN7arduino7msgpack8UnpackerEE5num64
                0x0000000000004b90        0x8 /home/arduino/ArduinoApps/arduino-video-player/.cache/sketch/sketch/sketch.ino.cpp.o
                0x0000000000004b90                RpcUtils::detail::unpackObject(arduino::msgpack::Unpacker&)::num64
 .bss._ZZN8RpcUtils6detail12unpackObjectERN7arduino7msgpack8UnpackerEE5num32
                0x0000000000004b98        0x4 /home/arduino/ArduinoApps/arduino-video-player/.cache/sketch/sketch/sketch.ino.cpp.o
                0x0000000000004b98                RpcUtils::detail::unpackObject(arduino::msgpack::Unpacker&)::num32
 .bss._ZZN8RpcUtils6detail12unpackObjectERN7arduino7msgpack8UnpackerEE7integer
                0x0000000000004b9c        0x4 /home/arduino/ArduinoApps/arduino-video-player/.cache/sketch/sketch/sketch.ino.cpp.o
                0x0000000000004b9c                RpcUtils::detail::unpackObject(arduino::msgpack::Unpacker&)::integer
 .bss._ZZN8RpcUtils6detail12unpackObjectERN7arduino7msgpack8UnpackerEE1b
                0x0000000000004ba0        0x1 /home/arduino/ArduinoApps/arduino-video-player/.cache/sketch/sketch/sketch.ino.cpp.o
                0x0000000000004ba0                RpcUtils::detail::unpackObject(arduino::msgpack::Unpacker&)::b
 .bss._ZZN8RpcUtils6detail12unpackObjectERN7arduino7msgpack8UnpackerEE3nil
                0x0000000000004ba1        0x1 /home/arduino/ArduinoApps/arduino-video-player/.cache/sketch/sketch/sketch.ino.cpp.o
                0x0000000000004ba1                RpcUtils::detail::unpackObject(arduino::msgpack::Unpacker&)::nil
 *fill*         0x0000000000004ba2        0x2 
 .bss.Serial1   0x0000000000004ba4       0xec /home/arduino/ArduinoApps/arduino-video-player/.cache/sketch/core/core.a(zephyrSerial.cpp.o)
                0x0000000000004ba4                Serial1
 .bss.Serial    0x0000000000004c90       0xec /home/arduino/ArduinoApps/arduino-video-player/.cache/sketch/core/core.a(zephyrSerial.cpp.o)
                0x0000000000004c90                Serial
 *(.noinit .noinit.*)

.exported_sym   0x0000000000004d7c        0x8
 *(.exported_sym)
 .exported_sym  0x0000000000004d7c        0x8 /home/arduino/ArduinoApps/arduino-video-player/.cache/sketch/core/core.a(main.cpp.o)
 *(.exported_sym.*)

.init_array     0x0000000000004d84        0x8
 *(.init_array)
 .init_array    0x0000000000004d84        0x4 /home/arduino/ArduinoApps/arduino-video-player/.cache/sketch/sketch/sketch.ino.cpp.o
 .init_array    0x0000000000004d88        0x4 /home/arduino/ArduinoApps/arduino-video-player/.cache/sketch/core/core.a(zephyrSerial.cpp.o)

.fini_array     0x0000000000004d8c        0x4
 *(.fini_array)
 .fini_array    0x0000000000004d8c        0x4 /home/arduino/ArduinoApps/arduino-video-player/.cache/sketch/sketch/sketch.ino.cpp.o

.symtab
 *(.symtab)

.strtab
 *(.strtab)

.shstrtab
 *(.shstrtab)

.rel
 *(.rel .rel.*)

.got
 *(.got .got.* .got.plt .got.plt*)
OUTPUT(/home/arduino/ArduinoApps/arduino-video-player/.cache/sketch/sketch.ino_debug.elf elf32-littlearm)
LOAD linker stubs

.debug_info     0x0000000000000000    0x3a23f
 .debug_info    0x0000000000000000    0x29787 /home/arduino/ArduinoApps/arduino-video-player/.cache/sketch/sketch/sketch.ino.cpp.o
 .debug_info    0x0000000000029787      0x1de /home/arduino/ArduinoApps/arduino-video-player/.cache/sketch/core/core.a(abi.cpp.o)
 .debug_info    0x0000000000029965     0x3e0c /home/arduino/ArduinoApps/arduino-video-player/.cache/sketch/core/core.a(String.cpp.o)
 .debug_info    0x000000000002d771     0x1e2b /home/arduino/ArduinoApps/arduino-video-player/.cache/sketch/core/core.a(main.cpp.o)
 .debug_info    0x000000000002f59c      0x7af /home/arduino/ArduinoApps/arduino-video-player/.cache/sketch/core/core.a(new.cpp.o)
 .debug_info    0x000000000002fd4b     0x1f28 /home/arduino/ArduinoApps/arduino-video-player/.cache/sketch/core/core.a(threads.cpp.o)
 .debug_info    0x0000000000031c73     0x3979 /home/arduino/ArduinoApps/arduino-video-player/.cache/sketch/core/core.a(zephyrSerial.cpp.o)
 .debug_info    0x00000000000355ec     0x4c53 /home/arduino/ArduinoApps/arduino-video-player/.cache/sketch/core/core.a(zephyrCommon.cpp.o)

.debug_abbrev   0x0000000000000000     0x3a5f
 .debug_abbrev  0x0000000000000000     0x1381 /home/arduino/ArduinoApps/arduino-video-player/.cache/sketch/sketch/sketch.ino.cpp.o
 .debug_abbrev  0x0000000000001381      0x154 /home/arduino/ArduinoApps/arduino-video-player/.cache/sketch/core/core.a(abi.cpp.o)
 .debug_abbrev  0x00000000000014d5      0x5d4 /home/arduino/ArduinoApps/arduino-video-player/.cache/sketch/core/core.a(String.cpp.o)
 .debug_abbrev  0x0000000000001aa9      0x538 /home/arduino/ArduinoApps/arduino-video-player/.cache/sketch/core/core.a(main.cpp.o)
 .debug_abbrev  0x0000000000001fe1      0x234 /home/arduino/ArduinoApps/arduino-video-player/.cache/sketch/core/core.a(new.cpp.o)
 .debug_abbrev  0x0000000000002215      0x4c4 /home/arduino/ArduinoApps/arduino-video-player/.cache/sketch/core/core.a(threads.cpp.o)
 .debug_abbrev  0x00000000000026d9      0x92d /home/arduino/ArduinoApps/arduino-video-player/.cache/sketch/core/core.a(zephyrSerial.cpp.o)
 .debug_abbrev  0x0000000000003006      0xa59 /home/arduino/ArduinoApps/arduino-video-player/.cache/sketch/core/core.a(zephyrCommon.cpp.o)

.debug_loclists
                0x0000000000000000     0xb79d
 .debug_loclists
                0x0000000000000000     0x8388 /home/arduino/ArduinoApps/arduino-video-player/.cache/sketch/sketch/sketch.ino.cpp.o
 .debug_loclists
                0x0000000000008388       0x88 /home/arduino/ArduinoApps/arduino-video-player/.cache/sketch/core/core.a(abi.cpp.o)
 .debug_loclists
                0x0000000000008410     0x1943 /home/arduino/ArduinoApps/arduino-video-player/.cache/sketch/core/core.a(String.cpp.o)
 .debug_loclists
                0x0000000000009d53       0x72 /home/arduino/ArduinoApps/arduino-video-player/.cache/sketch/core/core.a(main.cpp.o)
 .debug_loclists
                0x0000000000009dc5      0x2bc /home/arduino/ArduinoApps/arduino-video-player/.cache/sketch/core/core.a(new.cpp.o)
 .debug_loclists
                0x000000000000a081       0xb3 /home/arduino/ArduinoApps/arduino-video-player/.cache/sketch/core/core.a(threads.cpp.o)
 .debug_loclists
                0x000000000000a134      0x78c /home/arduino/ArduinoApps/arduino-video-player/.cache/sketch/core/core.a(zephyrSerial.cpp.o)
 .debug_loclists
                0x000000000000a8c0      0xedd /home/arduino/ArduinoApps/arduino-video-player/.cache/sketch/core/core.a(zephyrCommon.cpp.o)

.debug_aranges  0x0000000000000000      0x9b0
 .debug_aranges
                0x0000000000000000      0x3c8 /home/arduino/ArduinoApps/arduino-video-player/.cache/sketch/sketch/sketch.ino.cpp.o
 .debug_aranges
                0x00000000000003c8       0x58 /home/arduino/ArduinoApps/arduino-video-player/.cache/sketch/core/core.a(abi.cpp.o)
 .debug_aranges
                0x0000000000000420      0x298 /home/arduino/ArduinoApps/arduino-video-player/.cache/sketch/core/core.a(String.cpp.o)
 .debug_aranges
                0x00000000000006b8       0x38 /home/arduino/ArduinoApps/arduino-video-player/.cache/sketch/core/core.a(main.cpp.o)
 .debug_aranges
                0x00000000000006f0       0xb0 /home/arduino/ArduinoApps/arduino-video-player/.cache/sketch/core/core.a(new.cpp.o)
 .debug_aranges
                0x00000000000007a0       0x20 /home/arduino/ArduinoApps/arduino-video-player/.cache/sketch/core/core.a(threads.cpp.o)
 .debug_aranges
                0x00000000000007c0       0xc0 /home/arduino/ArduinoApps/arduino-video-player/.cache/sketch/core/core.a(zephyrSerial.cpp.o)
 .debug_aranges
                0x0000000000000880      0x130 /home/arduino/ArduinoApps/arduino-video-player/.cache/sketch/core/core.a(zephyrCommon.cpp.o)

.debug_rnglists
                0x0000000000000000     0x1c25
 .debug_rnglists
                0x0000000000000000     0x12f9 /home/arduino/ArduinoApps/arduino-video-player/.cache/sketch/sketch/sketch.ino.cpp.o
 .debug_rnglists
                0x00000000000012f9       0x3d /home/arduino/ArduinoApps/arduino-video-player/.cache/sketch/core/core.a(abi.cpp.o)
 .debug_rnglists
                0x0000000000001336      0x375 /home/arduino/ArduinoApps/arduino-video-player/.cache/sketch/core/core.a(String.cpp.o)
 .debug_rnglists
                0x00000000000016ab       0x33 /home/arduino/ArduinoApps/arduino-video-player/.cache/sketch/core/core.a(main.cpp.o)
 .debug_rnglists
                0x00000000000016de       0x7f /home/arduino/ArduinoApps/arduino-video-player/.cache/sketch/core/core.a(new.cpp.o)
 .debug_rnglists
                0x000000000000175d       0x3a /home/arduino/ArduinoApps/arduino-video-player/.cache/sketch/core/core.a(threads.cpp.o)
 .debug_rnglists
                0x0000000000001797      0x1c2 /home/arduino/ArduinoApps/arduino-video-player/.cache/sketch/core/core.a(zephyrSerial.cpp.o)
 .debug_rnglists
                0x0000000000001959      0x2cc /home/arduino/ArduinoApps/arduino-video-player/.cache/sketch/core/core.a(zephyrCommon.cpp.o)

.debug_line     0x0000000000000000     0xc665
 .debug_line    0x0000000000000000     0x6fde /home/arduino/ArduinoApps/arduino-video-player/.cache/sketch/sketch/sketch.ino.cpp.o
 .debug_line    0x0000000000006fde      0x138 /home/arduino/ArduinoApps/arduino-video-player/.cache/sketch/core/core.a(abi.cpp.o)
 .debug_line    0x0000000000007116     0x1a12 /home/arduino/ArduinoApps/arduino-video-player/.cache/sketch/core/core.a(String.cpp.o)
 .debug_line    0x0000000000008b28      0x83b /home/arduino/ArduinoApps/arduino-video-player/.cache/sketch/core/core.a(main.cpp.o)
 .debug_line    0x0000000000009363      0x36b /home/arduino/ArduinoApps/arduino-video-player/.cache/sketch/core/core.a(new.cpp.o)
 .debug_line    0x00000000000096ce      0x860 /home/arduino/ArduinoApps/arduino-video-player/.cache/sketch/core/core.a(threads.cpp.o)
 .debug_line    0x0000000000009f2e      0xf7f /home/arduino/ArduinoApps/arduino-video-player/.cache/sketch/core/core.a(zephyrSerial.cpp.o)
 .debug_line    0x000000000000aead     0x17b8 /home/arduino/ArduinoApps/arduino-video-player/.cache/sketch/core/core.a(zephyrCommon.cpp.o)

.debug_str      0x0000000000000000    0x28deb
 .debug_str     0x0000000000000000    0x1d6e3 /home/arduino/ArduinoApps/arduino-video-player/.cache/sketch/sketch/sketch.ino.cpp.o
 .debug_str     0x000000000001d6e3      0x40d /home/arduino/ArduinoApps/arduino-video-player/.cache/sketch/core/core.a(abi.cpp.o)
 .debug_str     0x000000000001daf0     0x1828 /home/arduino/ArduinoApps/arduino-video-player/.cache/sketch/core/core.a(String.cpp.o)
 .debug_str     0x000000000001f318     0x1fdf /home/arduino/ArduinoApps/arduino-video-player/.cache/sketch/core/core.a(main.cpp.o)
 .debug_str     0x00000000000212f7      0x4d7 /home/arduino/ArduinoApps/arduino-video-player/.cache/sketch/core/core.a(new.cpp.o)
 .debug_str     0x00000000000217ce     0x1bdf /home/arduino/ArduinoApps/arduino-video-player/.cache/sketch/core/core.a(threads.cpp.o)
 .debug_str     0x00000000000233ad     0x2a9a /home/arduino/ArduinoApps/arduino-video-player/.cache/sketch/core/core.a(zephyrSerial.cpp.o)
 .debug_str     0x0000000000025e47     0x2fa4 /home/arduino/ArduinoApps/arduino-video-player/.cache/sketch/core/core.a(zephyrCommon.cpp.o)

.debug_frame    0x0000000000000000     0x1e10
 .debug_frame   0x0000000000000000      0xe04 /home/arduino/ArduinoApps/arduino-video-player/.cache/sketch/sketch/sketch.ino.cpp.o
 .debug_frame   0x0000000000000e04       0x90 /home/arduino/ArduinoApps/arduino-video-player/.cache/sketch/core/core.a(abi.cpp.o)
 .debug_frame   0x0000000000000e94      0x7e8 /home/arduino/ArduinoApps/arduino-video-player/.cache/sketch/core/core.a(String.cpp.o)
 .debug_frame   0x000000000000167c       0x68 /home/arduino/ArduinoApps/arduino-video-player/.cache/sketch/core/core.a(main.cpp.o)
 .debug_frame   0x00000000000016e4      0x140 /home/arduino/ArduinoApps/arduino-video-player/.cache/sketch/core/core.a(new.cpp.o)
 .debug_frame   0x0000000000001824       0x40 /home/arduino/ArduinoApps/arduino-video-player/.cache/sketch/core/core.a(threads.cpp.o)
 .debug_frame   0x0000000000001864      0x210 /home/arduino/ArduinoApps/arduino-video-player/.cache/sketch/core/core.a(zephyrSerial.cpp.o)
 .debug_frame   0x0000000000001a74      0x39c /home/arduino/ArduinoApps/arduino-video-player/.cache/sketch/core/core.a(zephyrCommon.cpp.o)
